../Drivers/CMSIS/Include/core_cm4.h:1933:34:__NVIC_SystemReset	4	static,ignoring_inline_asm
../LoRaWAN/App/lora_app.c:350:6:LoRaWAN_Init	32	static
../LoRaWAN/App/lora_app.c:444:6:HAL_GPIO_EXTI_Callback	16	static
../LoRaWAN/App/lora_app.c:467:13:OnRxData	56	static
../LoRaWAN/App/lora_app.c:550:13:SendTxData	32	static
../LoRaWAN/App/lora_app.c:614:13:OnTxTimerEvent	16	static
../LoRaWAN/App/lora_app.c:629:13:OnTxTimerLedEvent	16	static
../LoRaWAN/App/lora_app.c:636:13:OnRxTimerLedEvent	16	static
../LoRaWAN/App/lora_app.c:643:13:OnJoinTimerLedEvent	16	static
../LoRaWAN/App/lora_app.c:652:13:OnTxData	32	static
../LoRaWAN/App/lora_app.c:683:13:OnJoinRequest	16	static
../LoRaWAN/App/lora_app.c:719:13:OnBeaconStatusChange	96	static
../LoRaWAN/App/lora_app.c:754:13:OnSysTimeUpdate	4	static
../LoRaWAN/App/lora_app.c:761:13:OnClassChange	24	static
../LoRaWAN/App/lora_app.c:768:13:OnMacProcessNotify	8	static
../LoRaWAN/App/lora_app.c:780:13:OnTxPeriodicityChanged	16	static
../LoRaWAN/App/lora_app.c:802:13:OnTxFrameCtrlChanged	16	static
../LoRaWAN/App/lora_app.c:813:13:OnPingSlotPeriodicityChanged	16	static
../LoRaWAN/App/lora_app.c:824:13:OnSystemReset	8	static
../LoRaWAN/App/lora_app.c:838:13:StopJoin	8	static
../LoRaWAN/App/lora_app.c:878:13:OnStopJoinTimerEvent	16	static
../LoRaWAN/App/lora_app.c:896:13:StoreContext	16	static
../LoRaWAN/App/lora_app.c:918:13:OnNvmDataChange	16	static
../LoRaWAN/App/lora_app.c:936:13:OnStoreContextRequest	16	static
../LoRaWAN/App/lora_app.c:951:13:OnRestoreContextRequest	16	static
